<?xml version="1.0" encoding="UTF-8"?>
<testsuites>
	<testsuite tests="2" failures="0" time="0.000000" name="hello-gitops/cmd">
		<properties>
			<property name="go.version" value="go1.16.5 linux/amd64"></property>
		</properties>
		<testcase classname="hello-gitops/cmd" name="Test_handler/status_OK" time="0.000000"></testcase>
		<testcase classname="hello-gitops/cmd" name="Test_handler" time="0.000000"></testcase>
	</testsuite>
</testsuites>